Collecting streamlit
  Downloading streamlit-1.55.0-py3-none-any.whl.metadata (9.8 kB)
Collecting altair!=5.4.0,!=5.4.1,<7,>=4.0 (from streamlit)
  Downloading altair-6.0.0-py3-none-any.whl.metadata (11 kB)
Collecting blinker<2,>=1.5.0 (from streamlit)
  Downloading blinker-1.9.0-py3-none-any.whl.metadata (1.6 kB)
Collecting cachetools<8,>=5.5 (from streamlit)
  Downloading cachetools-7.0.5-py3-none-any.whl.metadata (5.6 kB)
Collecting click<9,>=7.0 (from streamlit)
  Using cached click-8.3.1-py3-none-any.whl.metadata (2.6 kB)
Collecting gitpython!=3.1.19,<4,>=3.0.7 (from streamlit)
  Downloading gitpython-3.1.46-py3-none-any.whl.metadata (13 kB)
Requirement already satisfied: numpy<3,>=1.23 in /home/jules/.pyenv/versions/3.12.13/lib/python3.12/site-packages (from streamlit) (2.4.4)
Collecting packaging>=20 (from streamlit)
  Using cached packaging-26.0-py3-none-any.whl.metadata (3.3 kB)
Collecting pandas<3,>=1.4.0 (from streamlit)
  Downloading pandas-2.3.3-cp312-cp312-manylinux_2_24_x86_64.manylinux_2_28_x86_64.whl.metadata (91 kB)
Requirement already satisfied: pillow<13,>=7.1.0 in /home/jules/.pyenv/versions/3.12.13/lib/python3.12/site-packages (from streamlit) (12.1.1)
Collecting pydeck<1,>=0.8.0b4 (from streamlit)
  Downloading pydeck-0.9.1-py2.py3-none-any.whl.metadata (4.1 kB)
Collecting protobuf<7,>=3.20 (from streamlit)
  Downloading protobuf-6.33.6-cp39-abi3-manylinux2014_x86_64.whl.metadata (593 bytes)
Collecting pyarrow>=7.0 (from streamlit)
  Downloading pyarrow-23.0.1-cp312-cp312-manylinux_2_28_x86_64.whl.metadata (3.1 kB)
Collecting requests<3,>=2.27 (from streamlit)
  Downloading requests-2.33.1-py3-none-any.whl.metadata (4.8 kB)
Collecting tenacity<10,>=8.1.0 (from streamlit)
  Downloading tenacity-9.1.4-py3-none-any.whl.metadata (1.2 kB)
Collecting toml<2,>=0.10.1 (from streamlit)
  Downloading toml-0.10.2-py2.py3-none-any.whl.metadata (7.1 kB)
Collecting tornado!=6.5.0,<7,>=6.0.3 (from streamlit)
  Downloading tornado-6.5.5-cp39-abi3-manylinux1_x86_64.manylinux_2_28_x86_64.manylinux_2_5_x86_64.whl.metadata (2.8 kB)
Requirement already satisfied: typing-extensions<5,>=4.10.0 in /home/jules/.pyenv/versions/3.12.13/lib/python3.12/site-packages (from streamlit) (4.15.0)
Collecting watchdog<7,>=2.1.5 (from streamlit)
  Downloading watchdog-6.0.0-py3-none-manylinux2014_x86_64.whl.metadata (44 kB)
Collecting jinja2 (from altair!=5.4.0,!=5.4.1,<7,>=4.0->streamlit)
  Using cached jinja2-3.1.6-py3-none-any.whl.metadata (2.9 kB)
Collecting jsonschema>=3.0 (from altair!=5.4.0,!=5.4.1,<7,>=4.0->streamlit)
  Downloading jsonschema-4.26.0-py3-none-any.whl.metadata (7.6 kB)
Collecting narwhals>=1.27.1 (from altair!=5.4.0,!=5.4.1,<7,>=4.0->streamlit)
  Downloading narwhals-2.18.1-py3-none-any.whl.metadata (14 kB)
Collecting gitdb<5,>=4.0.1 (from gitpython!=3.1.19,<4,>=3.0.7->streamlit)
  Downloading gitdb-4.0.12-py3-none-any.whl.metadata (1.2 kB)
Collecting smmap<6,>=3.0.1 (from gitdb<5,>=4.0.1->gitpython!=3.1.19,<4,>=3.0.7->streamlit)
  Downloading smmap-5.0.3-py3-none-any.whl.metadata (4.6 kB)
Requirement already satisfied: python-dateutil>=2.8.2 in /home/jules/.pyenv/versions/3.12.13/lib/python3.12/site-packages (from pandas<3,>=1.4.0->streamlit) (2.9.0.post0)
Collecting pytz>=2020.1 (from pandas<3,>=1.4.0->streamlit)
  Downloading pytz-2026.1.post1-py2.py3-none-any.whl.metadata (22 kB)
Collecting tzdata>=2022.7 (from pandas<3,>=1.4.0->streamlit)
  Downloading tzdata-2025.3-py2.py3-none-any.whl.metadata (1.4 kB)
Requirement already satisfied: charset_normalizer<4,>=2 in /home/jules/.pyenv/versions/3.12.13/lib/python3.12/site-packages (from requests<3,>=2.27->streamlit) (3.4.6)
Collecting idna<4,>=2.5 (from requests<3,>=2.27->streamlit)
  Using cached idna-3.11-py3-none-any.whl.metadata (8.4 kB)
Collecting urllib3<3,>=1.26 (from requests<3,>=2.27->streamlit)
  Using cached urllib3-2.6.3-py3-none-any.whl.metadata (6.9 kB)
Collecting certifi>=2023.5.7 (from requests<3,>=2.27->streamlit)
  Using cached certifi-2026.2.25-py3-none-any.whl.metadata (2.5 kB)
Collecting MarkupSafe>=2.0 (from jinja2->altair!=5.4.0,!=5.4.1,<7,>=4.0->streamlit)
  Using cached markupsafe-3.0.3-cp312-cp312-manylinux2014_x86_64.manylinux_2_17_x86_64.manylinux_2_28_x86_64.whl.metadata (2.7 kB)
Collecting attrs>=22.2.0 (from jsonschema>=3.0->altair!=5.4.0,!=5.4.1,<7,>=4.0->streamlit)
  Downloading attrs-26.1.0-py3-none-any.whl.metadata (8.8 kB)
Collecting jsonschema-specifications>=2023.03.6 (from jsonschema>=3.0->altair!=5.4.0,!=5.4.1,<7,>=4.0->streamlit)
  Downloading jsonschema_specifications-2025.9.1-py3-none-any.whl.metadata (2.9 kB)
Collecting referencing>=0.28.4 (from jsonschema>=3.0->altair!=5.4.0,!=5.4.1,<7,>=4.0->streamlit)
  Downloading referencing-0.37.0-py3-none-any.whl.metadata (2.8 kB)
Collecting rpds-py>=0.25.0 (from jsonschema>=3.0->altair!=5.4.0,!=5.4.1,<7,>=4.0->streamlit)
  Downloading rpds_py-0.30.0-cp312-cp312-manylinux_2_17_x86_64.manylinux2014_x86_64.whl.metadata (4.1 kB)
Requirement already satisfied: six>=1.5 in /home/jules/.pyenv/versions/3.12.13/lib/python3.12/site-packages (from python-dateutil>=2.8.2->pandas<3,>=1.4.0->streamlit) (1.17.0)
Downloading streamlit-1.55.0-py3-none-any.whl (9.1 MB)
   ━━━━━━━━━━━━━━━━━━━━━━━━━━━━━━━━━━━━━━━━ 9.1/9.1 MB 86.4 MB/s  0:00:00
Downloading altair-6.0.0-py3-none-any.whl (795 kB)
   ━━━━━━━━━━━━━━━━━━━━━━━━━━━━━━━━━━━━━━━━ 795.4/795.4 kB 55.9 MB/s  0:00:00
Downloading blinker-1.9.0-py3-none-any.whl (8.5 kB)
Downloading cachetools-7.0.5-py3-none-any.whl (13 kB)
Using cached click-8.3.1-py3-none-any.whl (108 kB)
Downloading gitpython-3.1.46-py3-none-any.whl (208 kB)
Downloading gitdb-4.0.12-py3-none-any.whl (62 kB)
Downloading pandas-2.3.3-cp312-cp312-manylinux_2_24_x86_64.manylinux_2_28_x86_64.whl (12.4 MB)
   ━━━━━━━━━━━━━━━━━━━━━━━━━━━━━━━━━━━━━━━━ 12.4/12.4 MB 78.4 MB/s  0:00:00
Downloading protobuf-6.33.6-cp39-abi3-manylinux2014_x86_64.whl (323 kB)
Downloading pydeck-0.9.1-py2.py3-none-any.whl (6.9 MB)
   ━━━━━━━━━━━━━━━━━━━━━━━━━━━━━━━━━━━━━━━━ 6.9/6.9 MB 51.5 MB/s  0:00:00
Downloading requests-2.33.1-py3-none-any.whl (64 kB)
Using cached idna-3.11-py3-none-any.whl (71 kB)
Downloading smmap-5.0.3-py3-none-any.whl (24 kB)
Downloading tenacity-9.1.4-py3-none-any.whl (28 kB)
Downloading toml-0.10.2-py2.py3-none-any.whl (16 kB)
Downloading tornado-6.5.5-cp39-abi3-manylinux1_x86_64.manylinux_2_28_x86_64.manylinux_2_5_x86_64.whl (447 kB)
Using cached urllib3-2.6.3-py3-none-any.whl (131 kB)
Downloading watchdog-6.0.0-py3-none-manylinux2014_x86_64.whl (79 kB)
Using cached certifi-2026.2.25-py3-none-any.whl (153 kB)
Using cached jinja2-3.1.6-py3-none-any.whl (134 kB)
Downloading jsonschema-4.26.0-py3-none-any.whl (90 kB)
Downloading attrs-26.1.0-py3-none-any.whl (67 kB)
Downloading jsonschema_specifications-2025.9.1-py3-none-any.whl (18 kB)
Using cached markupsafe-3.0.3-cp312-cp312-manylinux2014_x86_64.manylinux_2_17_x86_64.manylinux_2_28_x86_64.whl (22 kB)
Downloading narwhals-2.18.1-py3-none-any.whl (444 kB)
Using cached packaging-26.0-py3-none-any.whl (74 kB)
Downloading pyarrow-23.0.1-cp312-cp312-manylinux_2_28_x86_64.whl (47.6 MB)
   ━━━━━━━━━━━━━━━━━━━━━━━━━━━━━━━━━━━━━━━━ 47.6/47.6 MB 28.6 MB/s  0:00:01
Downloading pytz-2026.1.post1-py2.py3-none-any.whl (510 kB)
Downloading referencing-0.37.0-py3-none-any.whl (26 kB)
Downloading rpds_py-0.30.0-cp312-cp312-manylinux_2_17_x86_64.manylinux2014_x86_64.whl (394 kB)
Downloading tzdata-2025.3-py2.py3-none-any.whl (348 kB)
Installing collected packages: pytz, watchdog, urllib3, tzdata, tornado, toml, tenacity, smmap, rpds-py, pyarrow, protobuf, packaging, narwhals, MarkupSafe, idna, click, certifi, cachetools, blinker, attrs, requests, referencing, pandas, jinja2, gitdb, pydeck, jsonschema-specifications, gitpython, jsonschema, altair, streamlit
  Attempting uninstall: pandas
    Found existing installation: pandas 3.0.1
    Uninstalling pandas-3.0.1:
      Successfully uninstalled pandas-3.0.1

Successfully installed MarkupSafe-3.0.3 altair-6.0.0 attrs-26.1.0 blinker-1.9.0 cachetools-7.0.5 certifi-2026.2.25 click-8.3.1 gitdb-4.0.12 gitpython-3.1.46 idna-3.11 jinja2-3.1.6 jsonschema-4.26.0 jsonschema-specifications-2025.9.1 narwhals-2.18.1 packaging-26.0 pandas-2.3.3 protobuf-6.33.6 pyarrow-23.0.1 pydeck-0.9.1 pytz-2026.1.post1 referencing-0.37.0 requests-2.33.1 rpds-py-0.30.0 smmap-5.0.3 streamlit-1.55.0 tenacity-9.1.4 toml-0.10.2 tornado-6.5.5 tzdata-2025.3 urllib3-2.6.3 watchdog-6.0.0
