Collecting streamlit
  Downloading streamlit-1.57.0-py3-none-any.whl.metadata (9.6 kB)
Collecting pandas
  Downloading pandas-3.0.3-cp312-cp312-manylinux_2_24_x86_64.manylinux_2_28_x86_64.whl.metadata (79 kB)
Collecting numpy
  Downloading numpy-2.4.5-cp312-cp312-manylinux_2_27_x86_64.manylinux_2_28_x86_64.whl.metadata (6.6 kB)
Collecting openpyxl
  Downloading openpyxl-3.1.5-py2.py3-none-any.whl.metadata (2.5 kB)
Collecting pdfplumber
  Downloading pdfplumber-0.11.9-py3-none-any.whl.metadata (43 kB)
Collecting altair
  Downloading altair-6.1.0-py3-none-any.whl.metadata (11 kB)
Collecting blinker<2,>=1.5.0 (from streamlit)
  Downloading blinker-1.9.0-py3-none-any.whl.metadata (1.6 kB)
Collecting cachetools<8,>=5.5 (from streamlit)
  Downloading cachetools-7.1.1-py3-none-any.whl.metadata (5.8 kB)
Collecting click<9,>=7.0 (from streamlit)
  Downloading click-8.3.3-py3-none-any.whl.metadata (2.6 kB)
Collecting gitpython!=3.1.19,<4,>=3.0.7 (from streamlit)
  Downloading gitpython-3.1.50-py3-none-any.whl.metadata (14 kB)
Collecting packaging>=20 (from streamlit)
  Downloading packaging-26.2-py3-none-any.whl.metadata (3.5 kB)
Collecting pillow<13,>=7.1.0 (from streamlit)
  Downloading pillow-12.2.0-cp312-cp312-manylinux_2_27_x86_64.manylinux_2_28_x86_64.whl.metadata (8.8 kB)
Collecting pydeck<1,>=0.8.0b4 (from streamlit)
  Downloading pydeck-0.9.2-py2.py3-none-any.whl.metadata (4.2 kB)
Collecting protobuf<8,>=3.20 (from streamlit)
  Downloading protobuf-7.34.1-cp310-abi3-manylinux2014_x86_64.whl.metadata (595 bytes)
Collecting pyarrow>=7.0 (from streamlit)
  Downloading pyarrow-24.0.0-cp312-cp312-manylinux_2_28_x86_64.whl.metadata (3.0 kB)
Collecting requests<3,>=2.27 (from streamlit)
  Downloading requests-2.34.2-py3-none-any.whl.metadata (4.8 kB)
Collecting tenacity<10,>=8.1.0 (from streamlit)
  Downloading tenacity-9.1.4-py3-none-any.whl.metadata (1.2 kB)
Collecting toml<2,>=0.10.1 (from streamlit)
  Downloading toml-0.10.2-py2.py3-none-any.whl.metadata (7.1 kB)
Requirement already satisfied: typing-extensions<5,>=4.10.0 in /home/jules/.pyenv/versions/3.12.13/lib/python3.12/site-packages (from streamlit) (4.15.0)
Collecting starlette>=0.40.0 (from streamlit)
  Downloading starlette-1.0.0-py3-none-any.whl.metadata (6.3 kB)
Collecting uvicorn>=0.30.0 (from streamlit)
  Downloading uvicorn-0.47.0-py3-none-any.whl.metadata (6.7 kB)
Collecting httptools>=0.6.3 (from streamlit)
  Downloading httptools-0.7.1-cp312-cp312-manylinux1_x86_64.manylinux_2_28_x86_64.manylinux_2_5_x86_64.whl.metadata (3.5 kB)
Collecting anyio>=4.0.0 (from streamlit)
  Downloading anyio-4.13.0-py3-none-any.whl.metadata (4.5 kB)
Collecting python-multipart>=0.0.10 (from streamlit)
  Downloading python_multipart-0.0.28-py3-none-any.whl.metadata (2.1 kB)
Collecting websockets>=12.0.0 (from streamlit)
  Downloading websockets-16.0-cp312-cp312-manylinux1_x86_64.manylinux_2_28_x86_64.manylinux_2_5_x86_64.whl.metadata (6.8 kB)
Collecting itsdangerous>=2.1.2 (from streamlit)
  Downloading itsdangerous-2.2.0-py3-none-any.whl.metadata (1.9 kB)
Collecting watchdog<7,>=2.1.5 (from streamlit)
  Downloading watchdog-6.0.0-py3-none-manylinux2014_x86_64.whl.metadata (44 kB)
Collecting python-dateutil>=2.8.2 (from pandas)
  Using cached python_dateutil-2.9.0.post0-py2.py3-none-any.whl.metadata (8.4 kB)
Collecting jinja2 (from altair)
  Using cached jinja2-3.1.6-py3-none-any.whl.metadata (2.9 kB)
Collecting jsonschema>=3.0 (from altair)
  Downloading jsonschema-4.26.0-py3-none-any.whl.metadata (7.6 kB)
Collecting narwhals>=2.4.0 (from altair)
  Downloading narwhals-2.21.2-py3-none-any.whl.metadata (16 kB)
Collecting gitdb<5,>=4.0.1 (from gitpython!=3.1.19,<4,>=3.0.7->streamlit)
  Downloading gitdb-4.0.12-py3-none-any.whl.metadata (1.2 kB)
Collecting smmap<6,>=3.0.1 (from gitdb<5,>=4.0.1->gitpython!=3.1.19,<4,>=3.0.7->streamlit)
  Downloading smmap-5.0.3-py3-none-any.whl.metadata (4.6 kB)
Collecting charset_normalizer<4,>=2 (from requests<3,>=2.27->streamlit)
  Downloading charset_normalizer-3.4.7-cp312-cp312-manylinux2014_x86_64.manylinux_2_17_x86_64.manylinux_2_28_x86_64.whl.metadata (40 kB)
Collecting idna<4,>=2.5 (from requests<3,>=2.27->streamlit)
  Downloading idna-3.15-py3-none-any.whl.metadata (7.7 kB)
Collecting urllib3<3,>=1.26 (from requests<3,>=2.27->streamlit)
  Downloading urllib3-2.7.0-py3-none-any.whl.metadata (6.9 kB)
Collecting certifi>=2023.5.7 (from requests<3,>=2.27->streamlit)
  Downloading certifi-2026.4.22-py3-none-any.whl.metadata (2.5 kB)
Collecting et-xmlfile (from openpyxl)
  Downloading et_xmlfile-2.0.0-py3-none-any.whl.metadata (2.7 kB)
Collecting pdfminer.six==20251230 (from pdfplumber)
  Downloading pdfminer_six-20251230-py3-none-any.whl.metadata (4.3 kB)
Collecting pypdfium2>=4.18.0 (from pdfplumber)
  Downloading pypdfium2-5.8.0-py3-none-manylinux_2_17_x86_64.manylinux2014_x86_64.whl.metadata (68 kB)
Collecting cryptography>=36.0.0 (from pdfminer.six==20251230->pdfplumber)
  Downloading cryptography-48.0.0-cp311-abi3-manylinux_2_34_x86_64.whl.metadata (4.3 kB)
Collecting cffi>=2.0.0 (from cryptography>=36.0.0->pdfminer.six==20251230->pdfplumber)
  Using cached cffi-2.0.0-cp312-cp312-manylinux2014_x86_64.manylinux_2_17_x86_64.whl.metadata (2.6 kB)
Collecting pycparser (from cffi>=2.0.0->cryptography>=36.0.0->pdfminer.six==20251230->pdfplumber)
  Using cached pycparser-3.0-py3-none-any.whl.metadata (8.2 kB)
Collecting MarkupSafe>=2.0 (from jinja2->altair)
  Using cached markupsafe-3.0.3-cp312-cp312-manylinux2014_x86_64.manylinux_2_17_x86_64.manylinux_2_28_x86_64.whl.metadata (2.7 kB)
Collecting attrs>=22.2.0 (from jsonschema>=3.0->altair)
  Downloading attrs-26.1.0-py3-none-any.whl.metadata (8.8 kB)
Collecting jsonschema-specifications>=2023.03.6 (from jsonschema>=3.0->altair)
  Downloading jsonschema_specifications-2025.9.1-py3-none-any.whl.metadata (2.9 kB)
Collecting referencing>=0.28.4 (from jsonschema>=3.0->altair)
  Downloading referencing-0.37.0-py3-none-any.whl.metadata (2.8 kB)
Collecting rpds-py>=0.25.0 (from jsonschema>=3.0->altair)
  Downloading rpds_py-0.30.0-cp312-cp312-manylinux_2_17_x86_64.manylinux2014_x86_64.whl.metadata (4.1 kB)
Collecting six>=1.5 (from python-dateutil>=2.8.2->pandas)
  Using cached six-1.17.0-py2.py3-none-any.whl.metadata (1.7 kB)
Collecting h11>=0.8 (from uvicorn>=0.30.0->streamlit)
  Using cached h11-0.16.0-py3-none-any.whl.metadata (8.3 kB)
Downloading streamlit-1.57.0-py3-none-any.whl (9.2 MB)
   ━━━━━━━━━━━━━━━━━━━━━━━━━━━━━━━━━━━━━━━━ 9.2/9.2 MB 13.6 MB/s  0:00:00
Downloading pandas-3.0.3-cp312-cp312-manylinux_2_24_x86_64.manylinux_2_28_x86_64.whl (10.9 MB)
   ━━━━━━━━━━━━━━━━━━━━━━━━━━━━━━━━━━━━━━━━ 10.9/10.9 MB 30.9 MB/s  0:00:00
Downloading numpy-2.4.5-cp312-cp312-manylinux_2_27_x86_64.manylinux_2_28_x86_64.whl (16.6 MB)
   ━━━━━━━━━━━━━━━━━━━━━━━━━━━━━━━━━━━━━━━━ 16.6/16.6 MB 33.5 MB/s  0:00:00
Downloading altair-6.1.0-py3-none-any.whl (796 kB)
   ━━━━━━━━━━━━━━━━━━━━━━━━━━━━━━━━━━━━━━━━ 797.0/797.0 kB 67.0 MB/s  0:00:00
Downloading blinker-1.9.0-py3-none-any.whl (8.5 kB)
Downloading cachetools-7.1.1-py3-none-any.whl (16 kB)
Downloading click-8.3.3-py3-none-any.whl (110 kB)
Downloading gitpython-3.1.50-py3-none-any.whl (212 kB)
Downloading gitdb-4.0.12-py3-none-any.whl (62 kB)
Downloading pillow-12.2.0-cp312-cp312-manylinux_2_27_x86_64.manylinux_2_28_x86_64.whl (7.1 MB)
   ━━━━━━━━━━━━━━━━━━━━━━━━━━━━━━━━━━━━━━━━ 7.1/7.1 MB 34.1 MB/s  0:00:00
Downloading protobuf-7.34.1-cp310-abi3-manylinux2014_x86_64.whl (324 kB)
Downloading pydeck-0.9.2-py2.py3-none-any.whl (11.3 MB)
   ━━━━━━━━━━━━━━━━━━━━━━━━━━━━━━━━━━━━━━━━ 11.3/11.3 MB 17.9 MB/s  0:00:00
Downloading requests-2.34.2-py3-none-any.whl (73 kB)
Downloading charset_normalizer-3.4.7-cp312-cp312-manylinux2014_x86_64.manylinux_2_17_x86_64.manylinux_2_28_x86_64.whl (216 kB)
Downloading idna-3.15-py3-none-any.whl (72 kB)
Downloading smmap-5.0.3-py3-none-any.whl (24 kB)
Downloading tenacity-9.1.4-py3-none-any.whl (28 kB)
Downloading toml-0.10.2-py2.py3-none-any.whl (16 kB)
Downloading urllib3-2.7.0-py3-none-any.whl (131 kB)
Downloading watchdog-6.0.0-py3-none-manylinux2014_x86_64.whl (79 kB)
Downloading openpyxl-3.1.5-py2.py3-none-any.whl (250 kB)
Downloading pdfplumber-0.11.9-py3-none-any.whl (60 kB)
Downloading pdfminer_six-20251230-py3-none-any.whl (6.6 MB)
   ━━━━━━━━━━━━━━━━━━━━━━━━━━━━━━━━━━━━━━━━ 6.6/6.6 MB 26.5 MB/s  0:00:00
Downloading anyio-4.13.0-py3-none-any.whl (114 kB)
Downloading certifi-2026.4.22-py3-none-any.whl (135 kB)
Downloading cryptography-48.0.0-cp311-abi3-manylinux_2_34_x86_64.whl (4.7 MB)
   ━━━━━━━━━━━━━━━━━━━━━━━━━━━━━━━━━━━━━━━━ 4.7/4.7 MB 25.0 MB/s  0:00:00
Using cached cffi-2.0.0-cp312-cp312-manylinux2014_x86_64.manylinux_2_17_x86_64.whl (219 kB)
Downloading httptools-0.7.1-cp312-cp312-manylinux1_x86_64.manylinux_2_28_x86_64.manylinux_2_5_x86_64.whl (517 kB)
Downloading itsdangerous-2.2.0-py3-none-any.whl (16 kB)
Using cached jinja2-3.1.6-py3-none-any.whl (134 kB)
Downloading jsonschema-4.26.0-py3-none-any.whl (90 kB)
Downloading attrs-26.1.0-py3-none-any.whl (67 kB)
Downloading jsonschema_specifications-2025.9.1-py3-none-any.whl (18 kB)
Using cached markupsafe-3.0.3-cp312-cp312-manylinux2014_x86_64.manylinux_2_17_x86_64.manylinux_2_28_x86_64.whl (22 kB)
Downloading narwhals-2.21.2-py3-none-any.whl (451 kB)
Downloading packaging-26.2-py3-none-any.whl (100 kB)
Downloading pyarrow-24.0.0-cp312-cp312-manylinux_2_28_x86_64.whl (48.9 MB)
   ━━━━━━━━━━━━━━━━━━━━━━━━━━━━━━━━━━━━━━━━ 48.9/48.9 MB 25.0 MB/s  0:00:01
Downloading pypdfium2-5.8.0-py3-none-manylinux_2_17_x86_64.manylinux2014_x86_64.whl (3.7 MB)
   ━━━━━━━━━━━━━━━━━━━━━━━━━━━━━━━━━━━━━━━━ 3.7/3.7 MB 115.8 MB/s  0:00:00
Using cached python_dateutil-2.9.0.post0-py2.py3-none-any.whl (229 kB)
Downloading python_multipart-0.0.28-py3-none-any.whl (29 kB)
Downloading referencing-0.37.0-py3-none-any.whl (26 kB)
Downloading rpds_py-0.30.0-cp312-cp312-manylinux_2_17_x86_64.manylinux2014_x86_64.whl (394 kB)
Using cached six-1.17.0-py2.py3-none-any.whl (11 kB)
Downloading starlette-1.0.0-py3-none-any.whl (72 kB)
Downloading uvicorn-0.47.0-py3-none-any.whl (71 kB)
Using cached h11-0.16.0-py3-none-any.whl (37 kB)
Downloading websockets-16.0-cp312-cp312-manylinux1_x86_64.manylinux_2_28_x86_64.manylinux_2_5_x86_64.whl (184 kB)
Downloading et_xmlfile-2.0.0-py3-none-any.whl (18 kB)
Using cached pycparser-3.0-py3-none-any.whl (48 kB)
Installing collected packages: websockets, watchdog, urllib3, toml, tenacity, smmap, six, rpds-py, python-multipart, pypdfium2, pycparser, pyarrow, protobuf, pillow, packaging, numpy, narwhals, MarkupSafe, itsdangerous, idna, httptools, h11, et-xmlfile, click, charset_normalizer, certifi, cachetools, blinker, attrs, uvicorn, requests, referencing, python-dateutil, openpyxl, jinja2, gitdb, cffi, anyio, starlette, pydeck, pandas, jsonschema-specifications, gitpython, cryptography, pdfminer.six, jsonschema, pdfplumber, altair, streamlit

Successfully installed MarkupSafe-3.0.3 altair-6.1.0 anyio-4.13.0 attrs-26.1.0 blinker-1.9.0 cachetools-7.1.1 certifi-2026.4.22 cffi-2.0.0 charset_normalizer-3.4.7 click-8.3.3 cryptography-48.0.0 et-xmlfile-2.0.0 gitdb-4.0.12 gitpython-3.1.50 h11-0.16.0 httptools-0.7.1 idna-3.15 itsdangerous-2.2.0 jinja2-3.1.6 jsonschema-4.26.0 jsonschema-specifications-2025.9.1 narwhals-2.21.2 numpy-2.4.5 openpyxl-3.1.5 packaging-26.2 pandas-3.0.3 pdfminer.six-20251230 pdfplumber-0.11.9 pillow-12.2.0 protobuf-7.34.1 pyarrow-24.0.0 pycparser-3.0 pydeck-0.9.2 pypdfium2-5.8.0 python-dateutil-2.9.0.post0 python-multipart-0.0.28 referencing-0.37.0 requests-2.34.2 rpds-py-0.30.0 six-1.17.0 smmap-5.0.3 starlette-1.0.0 streamlit-1.57.0 tenacity-9.1.4 toml-0.10.2 urllib3-2.7.0 uvicorn-0.47.0 watchdog-6.0.0 websockets-16.0

[notice] A new release of pip is available: 26.0.1 -> 26.1.1
[notice] To update, run: pip install --upgrade pip
